11-26 16:09:07.924 30676 30690 I TestRunner: started: firstIsInvalid(com.example.seg2105.labtesting.MainActivityTest2)
11-26 16:09:07.926 30676 30676 I MonitoringInstr: Activities that are still in CREATED to STOPPED: 0
11-26 16:09:07.929 30676 30690 W ActivityTestRule: getActivityIntent() returned null using default: Intent(Intent.ACTION_MAIN)
11-26 16:09:07.930   540   557 W system_server: ApkAssets: Deleting an ApkAssets object '<empty> and /data/app/~~IB3XmwyZHVVZz6AKWjn1VQ==/com.google.android.inputmethod.latin-VB_BhedHdu_eZmq-nLRANg==/split_tenoranimation_feature_split.apk' with 1 weak references
11-26 16:09:07.930   540   557 W system_server: ApkAssets: Deleting an ApkAssets object '<empty> and /data/app/~~JFY8YvvvBGQ9NSavw1NClQ==/com.google.android.tts-cztWWnbZ4T12zsEu_6YguA==/base.apk' with 1 weak references
11-26 16:09:07.930   540   557 W system_server: ApkAssets: Deleting an ApkAssets object '<empty> and /system_ext/app/AccessibilityMenu/AccessibilityMenu.apk' with 1 weak references
11-26 16:09:07.930   540   557 W system_server: ApkAssets: Deleting an ApkAssets object '/product/overlay/AccessibilityMenu__sdk_gphone64_arm64__auto_generated_rro_product.apk' with 1 weak references
11-26 16:09:07.930   540   557 W system_server: ApkAssets: Deleting an ApkAssets object '<empty> and /product/app/talkback/talkback.apk' with 1 weak references
11-26 16:09:07.930   540   557 W system_server: ApkAssets: Deleting an ApkAssets object '/vendor/overlay/EmulatorTalkBackOverlay/EmulatorTalkBackOverlay.apk' with 1 weak references
11-26 16:09:07.930   540   557 W system_server: ApkAssets: Deleting an ApkAssets object '<empty> and /data/app/~~z_YjgluLbgt-oA5QNU6bpQ==/com.google.android.googlequicksearchbox-oFtKDJEXSDML3cM5JLH1_Q==/base.apk' with 1 weak references
11-26 16:09:07.931   540   557 W system_server: ApkAssets: Deleting an ApkAssets object '<empty> and /data/app/~~z_YjgluLbgt-oA5QNU6bpQ==/com.google.android.googlequicksearchbox-oFtKDJEXSDML3cM5JLH1_Q==/split_config.xxhdpi.apk' with 1 weak references
11-26 16:09:07.931   540   557 W system_server: ApkAssets: Deleting an ApkAssets object '<empty> and /data/app/~~z_YjgluLbgt-oA5QNU6bpQ==/com.google.android.googlequicksearchbox-oFtKDJEXSDML3cM5JLH1_Q==/split_lens_ondevice_engine_play_ml_module.apk' with 1 weak references
11-26 16:09:07.931   540   557 W system_server: ApkAssets: Deleting an ApkAssets object '<empty> and /data/app/~~Hd5rIeRgnnlwtRjh0WjA5Q==/com.google.android.apps.docs-PZ1IORbuHYGphPAflFllKQ==/base.apk' with 1 weak references
11-26 16:09:07.938   540  1637 V GrammaticalInflectionUtils: AttributionSource: android.content.AttributionSource@246628a7 does not have READ_SYSTEM_GRAMMATICAL_GENDER permission.
11-26 16:09:07.958  1209  1209 W SplitSelectStateCtor: Missing session instanceIds
11-26 16:09:07.958  1209  1209 D StatsLog: LAUNCHER_SPLIT_SELECTION_EXIT_INTERRUPTED
11-26 16:09:07.962   388   388 I BpBinder: onLastStrongRef automatically unlinking death recipients:
11-26 16:09:07.988 15888 15888 I GoogleInputMethodService: GoogleInputMethodService.onFinishInput():3086
11-26 16:09:07.991 15888 15888 I GoogleInputMethodService: GoogleInputMethodService.updateDeviceLockedStatus():2155 repeatCheckTimes = 0, locked = false
11-26 16:09:07.991 15888 15888 I GoogleInputMethodService: GoogleInputMethodService.onStartInput():1899 onStartInput(EditorInfo{EditorInfo{packageName=com.google.android.apps.nexuslauncher, inputType=0, inputTypeString=NULL, enableLearning=false, autoCorrection=false, autoComplete=false, imeOptions=0, privateImeOptions=null, actionName=UNSPECIFIED, actionLabel=null, initialSelStart=-1, initialSelEnd=-1, initialCapsMode=0, label=null, fieldId=0, fieldName=null, extras=null, hintText=null, hintLocales=[]}}, false)
11-26 16:09:07.993 15888 15888 I GoogleInputMethodService: GoogleInputMethodService.updateDeviceLockedStatus():2155 repeatCheckTimes = 1, locked = false
11-26 16:09:07.996 15888 15888 I AndroidIME: InputBundleManager.loadActiveInputBundleId():450 loadActiveInputBundleId: und-Latn-x-password, password
11-26 16:09:08.035 30676 30676 D LifecycleMonitor: Lifecycle status change: com.example.seg2105.labtesting.MainActivity@b3ef5b3 in: PRE_ON_CREATE
11-26 16:09:08.070 30676 30676 E 2105.labtesting: Invalid resource ID 0x00000000.
11-26 16:09:08.073   921  1059 D EGL_emulation: app_time_stats: avg=7979.77ms min=7979.77ms max=7979.77ms count=1
11-26 16:09:08.086   540   540 W IPCThreadState: Sending oneway calls to frozen process.
11-26 16:09:08.090  1442  1442 I AiAiEcho: AppFetcherImplV2 updateApps package:[com.example.seg2105.labtesting.test], userId:[0], reason:[package is added.].
11-26 16:09:08.100  1209  1209 I TopTaskTracker: onTaskMovedToFront: (moved taskInfo to front) taskId=109, baseIntent=Intent { act=android.intent.action.MAIN flg=0x14000000 cmp=com.example.seg2105.labtesting/.MainActivity }
11-26 16:09:08.101  1209  1632 D EGL_emulation: app_time_stats: avg=2351.34ms min=4.99ms max=42037.41ms count=18
11-26 16:09:08.116  1209  1270 D PackageUpdatedTask: Package updated: mOp=ADD packages=[com.example.seg2105.labtesting.test]
11-26 16:09:08.135  1209  1270 D BaseIconCache: Default icon returned for com.example.seg2105.labtesting.test
11-26 16:09:08.172 30676 30676 W 2105.labtesting: Accessing hidden method Landroid/view/View;->computeFitSystemWindows(Landroid/graphics/Rect;Landroid/graphics/Rect;)Z (unsupported, reflection, allowed)
11-26 16:09:08.173 30676 30676 W 2105.labtesting: Accessing hidden method Landroid/view/ViewGroup;->makeOptionalFitsSystemWindows()V (unsupported, reflection, allowed)
11-26 16:09:08.175 30676 30676 D CompatChangeReporter: Compat change id reported: 37756858; UID 10355; state: ENABLED
11-26 16:09:08.234   540  1007 W ParceledListSlice: Element #24 is 20752 bytes.
11-26 16:09:08.236 30676 30676 D LifecycleMonitor: Lifecycle status change: com.example.seg2105.labtesting.MainActivity@b3ef5b3 in: CREATED
11-26 16:09:08.237 30676 30676 D LifecycleMonitor: Lifecycle status change: com.example.seg2105.labtesting.MainActivity@b3ef5b3 in: STARTED
11-26 16:09:08.239 30676 30676 D LifecycleMonitor: Lifecycle status change: com.example.seg2105.labtesting.MainActivity@b3ef5b3 in: RESUMED
11-26 16:09:08.240   540  1637 W ParceledListSlice: Element #25 is 20788 bytes.
11-26 16:09:08.240   540  1637 W ParceledListSlice: Element #26 is 20992 bytes.
11-26 16:09:08.242   540  1637 W ParceledListSlice: Element #27 is 20840 bytes.
11-26 16:09:08.248   540  1637 W ParceledListSlice: Element #28 is 20652 bytes.
11-26 16:09:08.248   540  1637 W ParceledListSlice: Overly large reply size: 83296
11-26 16:09:08.253  1442  1785 W PackageManager: Failure retrieving text 0x7f130786 in package com.android.systemui
11-26 16:09:08.253  1442  1785 W PackageManager: android.content.res.Resources$NotFoundException: String resource ID #0x7f130786
11-26 16:09:08.253  1442  1785 W PackageManager: 	at android.content.res.Resources.getText(Resources.java:466)
11-26 16:09:08.253  1442  1785 W PackageManager: 	at android.app.ApplicationPackageManager.getText(ApplicationPackageManager.java:2405)
11-26 16:09:08.253  1442  1785 W PackageManager: 	at android.appwidget.AppWidgetProviderInfo.loadDescription(AppWidgetProviderInfo.java:484)
11-26 16:09:08.253  1442  1785 W PackageManager: 	at kml.a(PG:341)
11-26 16:09:08.253  1442  1785 W PackageManager: 	at kmg.b(PG:39)
11-26 16:09:08.253  1442  1785 W PackageManager: 	at aaer.g(PG:13)
11-26 16:09:08.253  1442  1785 W PackageManager: 	at kotlinx.coroutines.DispatchedTask.run(PG:114)
11-26 16:09:08.253  1442  1785 W PackageManager: 	at java.util.concurrent.Executors$RunnableAdapter.call(Executors.java:487)
11-26 16:09:08.253  1442  1785 W PackageManager: 	at wqm.a(PG:3)
11-26 16:09:08.253  1442  1785 W PackageManager: 	at wpo.run(PG:21)
11-26 16:09:08.253  1442  1785 W PackageManager: 	at wqn.run(PG:5)
11-26 16:09:08.253  1442  1785 W PackageManager: 	at java.util.concurrent.Executors$RunnableAdapter.call(Executors.java:487)
11-26 16:09:08.253  1442  1785 W PackageManager: 	at java.util.concurrent.FutureTask.run(FutureTask.java:264)
11-26 16:09:08.253  1442  1785 W PackageManager: 	at java.util.concurrent.ScheduledThreadPoolExecutor$ScheduledFutureTask.run(ScheduledThreadPoolExecutor.java:307)
11-26 16:09:08.253  1442  1785 W PackageManager: 	at java.util.concurrent.ThreadPoolExecutor.runWorker(ThreadPoolExecutor.java:1145)
11-26 16:09:08.253  1442  1785 W PackageManager: 	at java.util.concurrent.ThreadPoolExecutor$Worker.run(ThreadPoolExecutor.java:644)
11-26 16:09:08.253  1442  1785 W PackageManager: 	at hqv.run(PG:221)
11-26 16:09:08.253  1442  1785 W PackageManager: 	at java.lang.Thread.run(Thread.java:1012)
11-26 16:09:08.254 30676 30676 W HWUI    : Unknown dataspace 0
11-26 16:09:08.258  1442  1785 I AiAiEcho: EchoSearch: WidgetFetcherImpl is initialized with [34] widgets [reason=package added for userId: 0]
11-26 16:09:08.293 15165 28288 I Icing   : Indexing done com.google.android.gms-apps
11-26 16:09:08.302 15165 28288 I Icing   : Indexing com.google.android.gms-apps from com.google.android.gms
11-26 16:09:08.305   540   540 W IPCThreadState: Sending oneway calls to frozen process.
11-26 16:09:08.307  1209  1270 D PackageUpdatedTask: Package updated: mOp=UPDATE packages=[com.example.seg2105.labtesting.test]
11-26 16:09:08.308  1442  1442 I AiAiEcho: AppFetcherImpl onPackageChanged com.example.seg2105.labtesting.test.
11-26 16:09:08.308  1442 30307 I AiAiEcho: AppIndexer Package:[com.example.seg2105.labtesting.test] UserProfile:[0] Enabled:[true].
11-26 16:09:08.308  1442 30307 I AiAiEcho: AppFetcherImplV2 updateApps package:[com.example.seg2105.labtesting.test], userId:[0], reason:[package is updated.].
11-26 16:09:08.319  1209  1270 W AllAppsList: updatePromiseInstallInfo: no Activities matched updated package, removing all apps from package=com.example.seg2105.labtesting.test
11-26 16:09:08.322   388   458 W ServiceManagerCppClient: Permission failure: android.permission.ACCESS_SURFACE_FLINGER from uid=10355 pid=0
11-26 16:09:08.322   388   458 D PermissionCache: checking android.permission.ACCESS_SURFACE_FLINGER for uid=10355 => denied (222 us)
11-26 16:09:08.322   388   458 W ServiceManagerCppClient: Permission failure: android.permission.ROTATE_SURFACE_FLINGER from uid=10355 pid=0
11-26 16:09:08.322   388   458 D PermissionCache: checking android.permission.ROTATE_SURFACE_FLINGER for uid=10355 => denied (33 us)
11-26 16:09:08.322   388   458 W ServiceManagerCppClient: Permission failure: android.permission.INTERNAL_SYSTEM_WINDOW from uid=10355 pid=0
11-26 16:09:08.322   388   458 D PermissionCache: checking android.permission.INTERNAL_SYSTEM_WINDOW for uid=10355 => denied (367 us)
11-26 16:09:08.323   388  1117 W ServiceManagerCppClient: Permission failure: android.permission.ACCESS_SURFACE_FLINGER from uid=10355 pid=30676
11-26 16:09:08.323   388  1117 D PermissionCache: checking android.permission.ACCESS_SURFACE_FLINGER for uid=10355 => denied (1266 us)
11-26 16:09:08.324 30676 30693 I EGL_emulation: Opening libGLESv1_CM_emulation.so
11-26 16:09:08.325 30676 30693 I EGL_emulation: Opening libGLESv2_emulation.so
11-26 16:09:08.340 15165 28288 I Icing   : Indexing done com.google.android.gms-apps
11-26 16:09:08.353 30676 30693 W HWUI    : Failed to choose config with EGL_SWAP_BEHAVIOR_PRESERVED, retrying without...
11-26 16:09:08.354  1209  1209 D VRI[NexusLauncherActivity]: visibilityChanged oldVisibility=true newVisibility=false
11-26 16:09:08.358 15165 28288 I Icing   : Indexing com.google.android.gms-apps from com.google.android.gms
11-26 16:09:08.360 30676 30693 W HWUI    : Failed to initialize 101010-2 format, error = EGL_SUCCESS
11-26 16:09:08.363  1209  1209 D NexusLauncherModelDelegate: notifySmartspaceEvent: SmartspaceTargetEvent{mSmartspaceTarget=null, mSmartspaceActionId='null', mEventType=7}
11-26 16:09:08.372 15165 28288 I Icing   : Indexing done com.google.android.gms-apps
11-26 16:09:08.383   125   125 I hwservicemanager: getTransport: Cannot find entry android.hardware.graphics.mapper@4.0::IMapper/default in either framework or device VINTF manifest.
11-26 16:09:08.383 30676 30693 I Gralloc4: mapper 4.x is not supported
11-26 16:09:08.410 15165 28288 I Icing   : Indexing com.google.android.gms-apps from com.google.android.gms
11-26 16:09:08.410 15165 28288 I Icing   : Indexing done com.google.android.gms-apps
11-26 16:09:08.441 15165 28288 I Icing   : Indexing com.google.android.gms-apps from com.google.android.gms
11-26 16:09:08.441 15165 28288 I Icing   : Indexing done com.google.android.gms-apps
11-26 16:09:08.455   540  2270 W ServiceManagerCppClient: Permission failure: android.permission.ACCESS_SURFACE_FLINGER from uid=10355 pid=0
11-26 16:09:08.455   540  2270 D PermissionCache: checking android.permission.ACCESS_SURFACE_FLINGER for uid=10355 => denied (87 us)
11-26 16:09:08.455   540  2270 W ServiceManagerCppClient: Permission failure: android.permission.ROTATE_SURFACE_FLINGER from uid=10355 pid=0
11-26 16:09:08.455   540  2270 D PermissionCache: checking android.permission.ROTATE_SURFACE_FLINGER for uid=10355 => denied (13 us)
11-26 16:09:08.455   540  2270 W ServiceManagerCppClient: Permission failure: android.permission.INTERNAL_SYSTEM_WINDOW from uid=10355 pid=0
11-26 16:09:08.455   540  2270 D PermissionCache: checking android.permission.INTERNAL_SYSTEM_WINDOW for uid=10355 => denied (15 us)
11-26 16:09:08.460   540   564 W ziparchive: Unable to open '/data/app/~~IxTi9oF9cVJNy_OhtBGZ-Q==/com.example.seg2105.labtesting-dDK3NadQG2ggVH_LxGPZRA==/base.dm': No such file or directory
11-26 16:09:08.465   540   564 I ActivityTaskManager: Displayed com.example.seg2105.labtesting/.MainActivity for user 0: +526ms
11-26 16:09:08.504 30676 30676 I AssistStructure: Flattened final assist data: 3264 bytes, containing 1 windows, 17 views
11-26 16:09:08.522 26989 27001 W .apps.wellbeing: ApkAssets: Deleting an ApkAssets object '<empty> and /system/priv-app/MtpService/MtpService.apk' with 1 weak references
11-26 16:09:08.523 26989 27001 W .apps.wellbeing: ApkAssets: Deleting an ApkAssets object '<empty> and /apex/com.android.nfcservices/priv-app/NfcNciApexGoogle@AE3A.240806.005/NfcNciApexGoogle.apk' with 1 weak references
11-26 16:09:08.524 26989 27001 W .apps.wellbeing: ApkAssets: Deleting an ApkAssets object '<empty> and /system/app/Stk/Stk.apk' with 1 weak references
11-26 16:09:08.524 26989 27001 W .apps.wellbeing: ApkAssets: Deleting an ApkAssets object '<empty> and /data/app/~~fgX-BFT0lrXuCTQ8L2ABoQ==/com.google.android.deskclock-Y-6Tli58Hv1hSVSURLIWtg==/base.apk' with 1 weak references
11-26 16:09:08.524 26989 27001 W .apps.wellbeing: ApkAssets: Deleting an ApkAssets object '<empty> and /data/app/~~fgX-BFT0lrXuCTQ8L2ABoQ==/com.google.android.deskclock-Y-6Tli58Hv1hSVSURLIWtg==/split_config.xxhdpi.apk' with 1 weak references
11-26 16:09:08.524 26989 27001 W .apps.wellbeing: ApkAssets: Deleting an ApkAssets object '<empty> and /product/overlay/NavigationBarMode2Button/NavigationBarMode2ButtonOverlay.apk' with 1 weak references
11-26 16:09:08.524 26989 27001 W .apps.wellbeing: ApkAssets: Deleting an ApkAssets object '<empty> and /data/app/~~iLgmfHd9LJmj5WMRoz9SMw==/ca.uottawa.newomelet-Nml-G508NwUhZgRl4b7QEg==/base.apk' with 1 weak references
11-26 16:09:08.524 26989 27001 W .apps.wellbeing: ApkAssets: Deleting an ApkAssets object '<empty> and /product/priv-app/DevicePersonalizationPrebuiltPixel2021-aiai_20240329.00_RC16/DevicePersonalizationPrebuiltPixel2021-aiai_20240329.00_RC16.apk' with 1 weak references
11-26 16:09:08.524 26989 27001 W .apps.wellbeing: ApkAssets: Deleting an ApkAssets object '<empty> and /data/app/~~vJ4UdAQYmY-EvOc83cSHJg==/com.google.android.gm-mfnTV3M3cRx_jXzKIiXgrA==/base.apk' with 1 weak references
11-26 16:09:08.525 26989 27001 W .apps.wellbeing: ApkAssets: Deleting an ApkAssets object '<empty> and /data/app/~~vJ4UdAQYmY-EvOc83cSHJg==/com.google.android.gm-mfnTV3M3cRx_jXzKIiXgrA==/split_config.arm64_v8a.apk' with 1 weak references
11-26 16:09:08.525 26989 27001 W .apps.wellbeing: ApkAssets: Deleting an ApkAssets object '<empty> and /data/app/~~vJ4UdAQYmY-EvOc83cSHJg==/com.google.android.gm-mfnTV3M3cRx_jXzKIiXgrA==/split_config.en.apk' with 1 weak references
11-26 16:09:08.525 26989 27001 W .apps.wellbeing: ApkAssets: Deleting an ApkAssets object '<empty> and /data/app/~~vJ4UdAQYmY-EvOc83cSHJg==/com.google.android.gm-mfnTV3M3cRx_jXzKIiXgrA==/split_config.xxhdpi.apk' with 1 weak references
11-26 16:09:08.529   540   669 I ImeTracker: com.example.seg2105.labtesting:9a7ef6a2: onRequestHide at ORIGIN_SERVER reason HIDE_UNSPECIFIED_WINDOW fromUser false
11-26 16:09:08.531   540   669 I ImeTracker: com.example.seg2105.labtesting:9a7ef6a2: onCancelled at PHASE_SERVER_SHOULD_HIDE
11-26 16:09:08.533 26989 27001 W .apps.wellbeing: ApkAssets: Deleting an ApkAssets object '<empty> and /apex/com.android.permission/priv-app/GooglePermissionController@350820360/GooglePermissionController.apk' with 1 weak references
11-26 16:09:08.535 26989 27001 W .apps.wellbeing: ApkAssets: Deleting an ApkAssets object '/product/overlay/GooglePermissionControllerOverlay.apk' with 1 weak references
11-26 16:09:08.535 26989 27001 W .apps.wellbeing: ApkAssets: Deleting an ApkAssets object '<empty> and /apex/com.android.btservices/app/BluetoothGoogle@342010060/BluetoothGoogle.apk' with 1 weak references
11-26 16:09:08.535 26989 27001 W .apps.wellbeing: ApkAssets: Deleting an ApkAssets object '<empty> and /system/priv-app/SettingsProvider/SettingsProvider.apk' with 1 weak references
11-26 16:09:08.535 26989 27001 W .apps.wellbeing: ApkAssets: Deleting an ApkAssets object '/product/overlay/LargeScreenSettingsProviderOverlay.apk' with 1 weak references
11-26 16:09:08.535 26989 27001 W .apps.wellbeing: ApkAssets: Deleting an ApkAssets object '/product/overlay/SettingsProvider__sdk_gphone64_arm64__auto_generated_rro_product.apk' with 1 weak references
11-26 16:09:08.537 26989 27001 W .apps.wellbeing: ApkAssets: Deleting an ApkAssets object '<empty> and /system/app/PrintSpooler/PrintSpooler.apk' with 1 weak references
11-26 16:09:08.538 15888 15888 I GoogleInputMethodService: GoogleInputMethodService.onFinishInput():3086
11-26 16:09:08.540 15888 15888 I GoogleInputMethodService: GoogleInputMethodService.updateDeviceLockedStatus():2155 repeatCheckTimes = 0, locked = false
11-26 16:09:08.540 26989 27001 W .apps.wellbeing: ApkAssets: Deleting an ApkAssets object '<empty> and /system/app/BasicDreams/BasicDreams.apk' with 1 weak references
11-26 16:09:08.541 26989 27001 W .apps.wellbeing: ApkAssets: Deleting an ApkAssets object '<empty> and /data/app/~~bOiPMhsklNf2GYzb1V2lkg==/com.google.android.as.oss-mgcjweUpu1fVA4ZJNHQPog==/base.apk' with 1 weak references
11-26 16:09:08.542 26989 27001 W .apps.wellbeing: ApkAssets: Deleting an ApkAssets object '<empty> and /system/priv-app/InputDevices/InputDevices.apk' with 1 weak references
11-26 16:09:08.542 26989 27001 W .apps.wellbeing: ApkAssets: Deleting an ApkAssets object '<empty> and /apex/com.android.devicelock/priv-app/DeviceLockControllerGoogle@AE3A.240806.005/DeviceLockControllerGoogle.apk' with 1 weak references
11-26 16:09:08.542 26989 27001 W .apps.wellbeing: ApkAssets: Deleting an ApkAssets object '<empty> and /data/app/~~M0z2lcbTjAU1VfBlNzC10A==/com.google.android.dialer-Dvgtio5PhGhWyFjc8s9z7Q==/base.apk' with 1 weak references
11-26 16:09:08.542 26989 27001 W .apps.wellbeing: ApkAssets: Deleting an ApkAssets object '<empty> and /system/priv-app/BuiltInPrintService/BuiltInPrintService.apk' with 1 weak references
11-26 16:09:08.543 26989 27001 W .apps.wellbeing: ApkAssets: Deleting an ApkAssets object '/product/overlay/BuiltInPrintService__sdk_gphone64_arm64__auto_generated_rro_product.apk' with 1 weak references
11-26 16:09:08.543 26989 27001 W .apps.wellbeing: ApkAssets: Deleting an ApkAssets object '<empty> and /system/app/CaptivePortalLoginGoogle/CaptivePortalLoginGoogle.apk' with 1 weak references
11-26 16:09:08.543 26989 27001 W .apps.wellbeing: ApkAssets: Deleting an ApkAssets object '<empty> and /system/priv-app/MusicFX/MusicFX.apk' with 1 weak references
11-26 16:09:08.546 26989 27001 W .apps.wellbeing: ApkAssets: Deleting an ApkAssets object '<empty> and /data/app/~~Hd5rIeRgnnlwtRjh0WjA5Q==/com.google.android.apps.docs-PZ1IORbuHYGphPAflFllKQ==/base.apk' with 1 weak references
11-26 16:09:08.547 26989 27001 W .apps.wellbeing: ApkAssets: Deleting an ApkAssets object '<empty> and /data/app/~~Hd5rIeRgnnlwtRjh0WjA5Q==/com.google.android.apps.docs-PZ1IORbuHYGphPAflFllKQ==/split_config.arm64_v8a.apk' with 1 weak references
11-26 16:09:08.547 26989 27001 W .apps.wellbeing: ApkAssets: Deleting an ApkAssets object '<empty> and /data/app/~~Hd5rIeRgnnlwtRjh0WjA5Q==/com.google.android.apps.docs-PZ1IORbuHYGphPAflFllKQ==/split_config.en.apk' with 1 weak references
11-26 16:09:08.547 26989 27001 W .apps.wellbeing: ApkAssets: Deleting an ApkAssets object '<empty> and /data/app/~~Hd5rIeRgnnlwtRjh0WjA5Q==/com.google.android.apps.docs-PZ1IORbuHYGphPAflFllKQ==/split_config.xxhdpi.apk' with 1 weak references
11-26 16:09:08.547 26989 27001 W .apps.wellbeing: ApkAssets: Deleting an ApkAssets object '<empty> and /data/app/~~b1bHlo77pBSMySIhUpR7IA==/com.google.android.apps.maps-tDwzWeudpVf6nlVR1_hXVQ==/base.apk' with 1 weak references
11-26 16:09:08.547 26989 27001 W .apps.wellbeing: ApkAssets: Deleting an ApkAssets object '<empty> and /data/app/~~b1bHlo77pBSMySIhUpR7IA==/com.google.android.apps.maps-tDwzWeudpVf6nlVR1_hXVQ==/split_config.arm64_v8a.apk' with 1 weak references
11-26 16:09:08.547 26989 27001 W .apps.wellbeing: ApkAssets: Deleting an ApkAssets object '<empty> and /data/app/~~b1bHlo77pBSMySIhUpR7IA==/com.google.android.apps.maps-tDwzWeudpVf6nlVR1_hXVQ==/split_config.en.apk' with 1 weak references
11-26 16:09:08.547 26989 27001 W .apps.wellbeing: ApkAssets: Deleting an ApkAssets object '<empty> and /data/app/~~b1bHlo77pBSMySIhUpR7IA==/com.google.android.apps.maps-tDwzWeudpVf6nlVR1_hXVQ==/split_config.xxhdpi.apk' with 1 weak references
11-26 16:09:08.550 15888 15888 I DeviceIntelligenceExtension: DeviceIntelligenceExtension.getInlineSuggestionsRequest():280 Inline suggestions disabled in stylus mode or vertical PK/Voice toolbar
11-26 16:09:08.550 26989 27001 W .apps.wellbeing: ApkAssets: Deleting an ApkAssets object '<empty> and /product/app/ModuleMetadataGoogle/ModuleMetadataGoogle.apk' with 1 weak references
11-26 16:09:08.551 26989 27001 W .apps.wellbeing: ApkAssets: Deleting an ApkAssets object '<empty> and /product/overlay/DisplayCutoutEmulationEmu01/DisplayCutoutEmulationEmu01Overlay.apk' with 1 weak references
11-26 16:09:08.552 26989 27001 W .apps.wellbeing: ApkAssets: Deleting an ApkAssets object '<empty> and /system_ext/priv-app/AvatarPickerGoogle/AvatarPickerGoogle.apk' with 1 weak references
11-26 16:09:08.553 26989 27001 W .apps.wellbeing: ApkAssets: Deleting an ApkAssets object '<empty> and /product/app/MarkupGoogle_v2/MarkupGoogle_v2.apk' with 1 weak references
11-26 16:09:08.553 26989 27001 W .apps.wellbeing: ApkAssets: Deleting an ApkAssets object '<empty> and /system/priv-app/NetworkStackGoogle/NetworkStackGoogle.apk' with 1 weak references
11-26 16:09:08.553 26989 27001 W .apps.wellbeing: ApkAssets: Deleting an ApkAssets object '<empty> and /apex/com.android.rkpd/priv-app/rkpdapp.google@350820300/rkpdapp.google.apk' with 1 weak references
11-26 16:09:08.553 26989 27001 W .apps.wellbeing: ApkAssets: Deleting an ApkAssets object '<empty> and /data/app/~~tfyJpxsyy44MZaTIBZO3jg==/com.google.android.contacts-MPHPl4iwBKGF5Db61Sr5Wg==/base.apk' with 1 weak references
11-26 16:09:08.553 26989 27001 W .apps.wellbeing: ApkAssets: Deleting an ApkAssets object '<empty> and /data/app/~~tfyJpxsyy44MZaTIBZO3jg==/com.google.android.contacts-MPHPl4iwBKGF5Db61Sr5Wg==/split_config.arm64_v8a.apk' with 1 weak references
11-26 16:09:08.553 26989 27001 W .apps.wellbeing: ApkAssets: Deleting an ApkAssets object '<empty> and /data/app/~~tfyJpxsyy44MZaTIBZO3jg==/com.google.android.contacts-MPHPl4iwBKGF5Db61Sr5Wg==/split_config.en.apk' with 1 weak references
11-26 16:09:08.553 26989 27001 W .apps.wellbeing: ApkAssets: Deleting an ApkAssets object '<empty> and /data/app/~~tfyJpxsyy44MZaTIBZO3jg==/com.google.android.contacts-MPHPl4iwBKGF5Db61Sr5Wg==/split_config.xxhdpi.apk' with 1 weak references
11-26 16:09:08.553 26989 27001 W .apps.wellbeing: ApkAssets: Deleting an ApkAssets object '<empty> and /system/priv-app/Telecom/Telecom.apk' with 1 weak references
11-26 16:09:08.553 26989 27001 W .apps.wellbeing: ApkAssets: Deleting an ApkAssets object '/product/overlay/Telecom__sdk_gphone64_arm64__auto_generated_rro_product.apk' with 1 weak references
11-26 16:09:08.553 26989 27001 W .apps.wellbeing: ApkAssets: Deleting an ApkAssets object '<empty> and /system/app/KeyChain/KeyChain.apk' with 1 weak references
11-26 16:09:08.553 26989 27001 W .apps.wellbeing: ApkAssets: Deleting an ApkAssets object '<empty> and /data/app/~~DHNRppPi2NF_qwruKZUWpg==/com.android.chrome-TrIkymQmlB7qH3s8zbcKbA==/base.apk' with 1 weak references
11-26 16:09:08.553 26989 27001 W .apps.wellbeing: ApkAssets: Deleting an ApkAssets object '<empty> and /data/app/~~DHNRppPi2NF_qwruKZUWpg==/com.android.chrome-TrIkymQmlB7qH3s8zbcKbA==/split_auxiliary_search.apk' with 1 weak references
11-26 16:09:08.553 26989 27001 W .apps.wellbeing: ApkAssets: Deleting an ApkAssets object '<empty> and /data/app/~~DHNRppPi2NF_qwruKZUWpg==/com.android.chrome-TrIkymQmlB7qH3s8zbcKbA==/split_cablev2_authenticator.apk' with 1 weak references
11-26 16:09:08.553 26989 27001 W .apps.wellbeing: ApkAssets: Deleting an ApkAssets object '<empty> and /data/app/~~DHNRppPi2NF_qwruKZUWpg==/com.android.chrome-TrIkymQmlB7qH3s8zbcKbA==/split_chrome.apk' with 1 weak references
11-26 16:09:08.554 26989 27001 W .apps.wellbeing: ApkAssets: Deleting an ApkAssets object '<empty> and /data/app/~~DHNRppPi2NF_qwruKZUWpg==/com.android.chrome-TrIkymQmlB7qH3s8zbcKbA==/split_config.en.apk' with 1 weak references
11-26 16:09:08.554 26989 27001 W .apps.wellbeing: ApkAssets: Deleting an ApkAssets object '<empty> and /data/app/~~DHNRppPi2NF_qwruKZUWpg==/com.android.chrome-TrIkymQmlB7qH3s8zbcKbA==/split_dev_ui.apk' with 1 weak references
11-26 16:09:08.554 26989 27001 W .apps.wellbeing: ApkAssets: Deleting an ApkAssets object '<empty> and /data/app/~~DHNRppPi2NF_qwruKZUWpg==/com.android.chrome-TrIkymQmlB7qH3s8zbcKbA==/split_feedv2.apk' with 1 weak references
11-26 16:09:08.554 26989 27001 W .apps.wellbeing: ApkAssets: Deleting an ApkAssets object '<empty> and /data/app/~~DHNRppPi2NF_qwruKZUWpg==/com.android.chrome-TrIkymQmlB7qH3s8zbcKbA==/split_read_aloud_playback.apk' with 1 weak references
11-26 16:09:08.554 26989 27001 W .apps.wellbeing: ApkAssets: Deleting an ApkAssets object '<empty> and /data/app/~~DHNRppPi2NF_qwruKZUWpg==/com.android.chrome-TrIkymQmlB7qH3s8zbcKbA==/split_stack_unwinder.apk' with 1 weak references
11-26 16:09:08.554 26989 27001 W .apps.wellbeing: ApkAssets: Deleting an ApkAssets object '<empty> and /data/app/~~DHNRppPi2NF_qwruKZUWpg==/com.android.chrome-TrIkymQmlB7qH3s8zbcKbA==/split_survey.apk' with 1 weak references
11-26 16:09:08.554 26989 27001 W .apps.wellbeing: ApkAssets: Deleting an ApkAssets object '<empty> and /data/app/~~DHNRppPi2NF_qwruKZUWpg==/com.android.chrome-TrIkymQmlB7qH3s8zbcKbA==/split_test_dummy.apk' with 1 weak references
11-26 16:09:08.554 26989 27001 W .apps.wellbeing: ApkAssets: Deleting an ApkAssets object '<empty> and /data/app/~~psrSfWtRvc_M5h7a5AzCFA==/com.google.android.trichromelibrary_672308633-jub4wqn9uDb34fPR-rexpg==/base.apk' with 1 weak references
11-26 16:09:08.554 26989 27001 W .apps.wellbeing: ApkAssets: Deleting an ApkAssets object '<empty> and /system/priv-app/GooglePackageInstaller/GooglePackageInstaller.apk' with 1 weak references
11-26 16:09:08.554 26989 27001 W .apps.wellbeing: ApkAssets: Deleting an ApkAssets object '<empty> and /product/app/PixelThemesStub/PixelThemesStub.apk' with 1 weak references
11-26 16:09:08.554 26989 27001 W .apps.wellbeing: ApkAssets: Deleting an ApkAssets object '<empty> and /system_ext/priv-app/GoogleServicesFramework/GoogleServicesFramework.apk' with 1 weak references
11-26 16:09:08.554 26989 27001 W .apps.wellbeing: ApkAssets: Deleting an ApkAssets object '<empty> and /system/priv-app/TagGoogle/TagGoogle.apk' with 1 weak references
11-26 16:09:08.554 26989 27001 W .apps.wellbeing: ApkAssets: Deleting an ApkAssets object '<empty> and /data/app/~~JFY8YvvvBGQ9NSavw1NClQ==/com.google.android.tts-cztWWnbZ4T12zsEu_6YguA==/base.apk' with 1 weak references
11-26 16:09:08.554 26989 27001 W .apps.wellbeing: ApkAssets: Deleting an ApkAssets object '<empty> and /system/priv-app/CallLogBackup/CallLogBackup.apk' with 1 weak references
11-26 16:09:08.554 26989 27001 W .apps.wellbeing: ApkAssets: Deleting an ApkAssets object '<empty> and /data/app/~~OadTKYDPnPuAPIZAbXpaGQ==/com.google.android.partnersetup-FHpQjRoWAs3-juTwja8qBg==/base.apk' with 1 weak references
11-26 16:09:08.554 26989 27001 W .apps.wellbeing: ApkAssets: Deleting an ApkAssets object '<empty> and /system/app/CameraExtensionsProxy/CameraExtensionsProxy.apk' with 1 weak references
11-26 16:09:08.554 26989 27001 W .apps.wellbeing: ApkAssets: Deleting an ApkAssets object '<empty> and /product/app/NexusWallpapersStubPrebuilt2018/NexusWallpapersStubPrebuilt2018.apk' with 1 weak references
11-26 16:09:08.554 26989 27001 W .apps.wellbeing: ApkAssets: Deleting an ApkAssets object '<empty> and /system_ext/priv-app/NexusLauncherRelease/NexusLauncherRelease.apk' with 1 weak references
11-26 16:09:08.554 26989 27001 W .apps.wellbeing: ApkAssets: Deleting an ApkAssets object '<empty> and /system/app/CarrierDefaultApp/CarrierDefaultApp.apk' with 1 weak references
11-26 16:09:08.555 26989 27001 W .apps.wellbeing: ApkAssets: Deleting an ApkAssets object '<empty> and /system/priv-app/CredentialManager/CredentialManager.apk' with 1 weak references
11-26 16:09:08.555 26989 27001 W .apps.wellbeing: ApkAssets: Deleting an ApkAssets object '<empty> and /product/overlay/FontNotoSerifSource/FontNotoSerifSourceOverlay.apk' with 1 weak references
11-26 16:09:08.555 26989 27001 W .apps.wellbeing: ApkAssets: Deleting an ApkAssets object '<empty> and /system/priv-app/DeviceAsWebcam/DeviceAsWebcam.apk' with 1 weak references
11-26 16:09:08.555 26989 27001 W .apps.wellbeing: ApkAssets: Deleting an ApkAssets object '<empty> and /system/priv-app/ProxyHandler/ProxyHandler.apk' with 1 weak references
11-26 16:09:08.555 26989 27001 W .apps.wellbeing: ApkAssets: Deleting an ApkAssets object '<empty> and /apex/com.android.permission/priv-app/GoogleSafetyCenterResources@350820360/GoogleSafetyCenterResources.apk' with 1 weak references
11-26 16:09:08.555 26989 27001 W .apps.wellbeing: ApkAssets: Deleting an ApkAssets object '<empty> and /product/overlay/DisplayCutoutEmulationWaterfall/DisplayCutoutEmulationWaterfallOverlay.apk' with 1 weak references
11-26 16:09:08.555 26989 27001 W .apps.wellbeing: ApkAssets: Deleting an ApkAssets object '<empty> and /system/priv-app/IntentResolver/IntentResolver.apk' with 1 weak references
11-26 16:09:08.555 26989 27001 W .apps.wellbeing: ApkAssets: Deleting an ApkAssets object '<empty> and /product/overlay/TransparentNavigationBar/TransparentNavigationBarOverlay.apk' with 1 weak references
11-26 16:09:08.555 26989 27001 W .apps.wellbeing: ApkAssets: Deleting an ApkAssets object '<empty> and /system/priv-app/E2eeContactKeysProvider/E2eeContactKeysProvider.apk' with 1 weak references
11-26 16:09:08.556 15888 15888 I GoogleInputMethodService: GoogleInputMethodService.onStartInput():1899 onStartInput(EditorInfo{EditorInfo{packageName=com.example.seg2105.labtesting, inputType=20001, inputTypeString=Normal, enableLearning=true, autoCorrection=true, autoComplete=true, imeOptions=48000005, privateImeOptions=null, actionName=NEXT, actionLabel=null, initialSelStart=0, initialSelEnd=0, initialCapsMode=0, label=null, fieldId=2131165337, fieldName=null, extras=Bundle[mParcelledData.dataSize=168], hintText=non-empty, hintLocales=[]}}, false)
11-26 16:09:08.559 15888 15888 I GoogleInputMethodService: GoogleInputMethodService.updateDeviceLockedStatus():2155 repeatCheckTimes = 1, locked = false
11-26 16:09:08.575 15888 15888 I AndroidIME: InputBundleManager.loadActiveInputBundleId():450 loadActiveInputBundleId: en-US, ime_english_united_states
11-26 16:09:08.579  1209  1209 D BaseDepthController: setSurface:
11-26 16:09:08.579  1209  1209 D BaseDepthController: 	mWaitingOnSurfaceValidity: false
11-26 16:09:08.579  1209  1209 D BaseDepthController: 	mSurface: null
11-26 16:09:08.579  1209  1209 D BaseDepthController: mSurface is null and mCurrentBlur is: 0
11-26 16:09:08.580  1209  1209 D StateManager: goToState - fromState: Normal, toState: Normal, partial trace:
11-26 16:09:08.580  1209  1209 D StateManager: 	at com.android.launcher3.statemanager.StateManager.moveToRestState(go/retraceme 2855a437b73635ce9cad76b9289087e631bbb67fc90008a0da13d343a00e5041:4)
11-26 16:09:08.580  1209  1209 D StateManager: 	at com.android.launcher3.statemanager.StateManager.moveToRestState(go/retraceme 2855a437b73635ce9cad76b9289087e631bbb67fc90008a0da13d343a00e5041:1)
11-26 16:09:08.580  1209  1209 D StateManager: 	at com.android.launcher3.statemanager.StatefulActivity.onStop(go/retraceme 2855a437b73635ce9cad76b9289087e631bbb67fc90008a0da13d343a00e5041:34)
11-26 16:09:08.580  1209  1209 D StatsLog: LAUNCHER_ONSTOP
11-26 16:09:08.584  1209  1209 D StatsLog: LAUNCHER_GOOGLE_SEARCH_RESTORE_LIST_SIZE_AFTER_ACTIVITY_RESTART
11-26 16:09:08.590  1209  1858 D OneSearchSuggestProvider: Shut down the binder channel
11-26 16:09:08.591  1209  2376 I IPCThreadState: oneway function results for code 2 on binder at 0xb400007cc465e2b0 will be dropped but finished with status UNKNOWN_TRANSACTION
11-26 16:09:08.604 26989 27001 W .apps.wellbeing: ApkAssets: Deleting an ApkAssets object '<empty> and /apex/com.android.tethering/priv-app/ServiceConnectivityResourcesGoogle@350820300/ServiceConnectivityResourcesGoogle.apk' with 1 weak references
11-26 16:09:08.604 26989 27001 W .apps.wellbeing: ApkAssets: Deleting an ApkAssets object '/vendor/overlay/goldfish_overlay_connectivity_google.apk' with 1 weak references
11-26 16:09:08.604 26989 27001 W .apps.wellbeing: ApkAssets: Deleting an ApkAssets object '<empty> and /system_ext/priv-app/GoogleFeedback/GoogleFeedback.apk' with 1 weak references
11-26 16:09:08.604 26989 27001 W .apps.wellbeing: ApkAssets: Deleting an ApkAssets object '<empty> and /system/app/GooglePrintRecommendationService/GooglePrintRecommendationService.apk' with 1 weak references
11-26 16:09:08.604 26989 27001 W .apps.wellbeing: ApkAssets: Deleting an ApkAssets object '<empty> and /data/app/~~46XQbnDjw-ePXwDrRUBRCg==/com.google.android.apps.photos-MMz68_PFnNsREbwJP-3FGA==/base.apk' with 1 weak references
11-26 16:09:08.604 26989 27001 W .apps.wellbeing: ApkAssets: Deleting an ApkAssets object '<empty> and /data/app/~~46XQbnDjw-ePXwDrRUBRCg==/com.google.android.apps.photos-MMz68_PFnNsREbwJP-3FGA==/split_config.arm64_v8a.apk' with 1 weak references
11-26 16:09:08.604 26989 27001 W .apps.wellbeing: ApkAssets: Deleting an ApkAssets object '<empty> and /data/app/~~46XQbnDjw-ePXwDrRUBRCg==/com.google.android.apps.photos-MMz68_PFnNsREbwJP-3FGA==/split_config.en.apk' with 1 weak references
11-26 16:09:08.604 26989 27001 W .apps.wellbeing: ApkAssets: Deleting an ApkAssets object '<empty> and /data/app/~~46XQbnDjw-ePXwDrRUBRCg==/com.google.android.apps.photos-MMz68_PFnNsREbwJP-3FGA==/split_config.xxhdpi.apk' with 1 weak references
11-26 16:09:08.604 26989 27001 W .apps.wellbeing: ApkAssets: Deleting an ApkAssets object '<empty> and /data/app/~~8RTTsvbpsQEwfa1tlCkkwA==/com.google.android.calendar-fj6LCYRIRXnjv0A5YI_0sA==/base.apk' with 1 weak references
11-26 16:09:08.604 26989 27001 W .apps.wellbeing: ApkAssets: Deleting an ApkAssets object '<empty> and /data/app/~~8RTTsvbpsQEwfa1tlCkkwA==/com.google.android.calendar-fj6LCYRIRXnjv0A5YI_0sA==/split_config.en.apk' with 1 weak references
11-26 16:09:08.604 26989 27001 W .apps.wellbeing: ApkAssets: Deleting an ApkAssets object '<empty> and /data/app/~~8RTTsvbpsQEwfa1tlCkkwA==/com.google.android.calendar-fj6LCYRIRXnjv0A5YI_0sA==/split_config.xxhdpi.apk' with 1 weak references
11-26 16:09:08.604 26989 27001 W .apps.wellbeing: ApkAssets: Deleting an ApkAssets object '<empty> and /system/priv-app/ManagedProvisioning/ManagedProvisioning.apk' with 1 weak references
11-26 16:09:08.604 26989 27001 W .apps.wellbeing: ApkAssets: Deleting an ApkAssets object '<empty> and /system/priv-app/SoundPicker/SoundPicker.apk' with 1 weak references
11-26 16:09:08.604 26989 27001 W .apps.wellbeing: ApkAssets: Deleting an ApkAssets object '<empty> and /system/priv-app/DocumentsUIGoogle/DocumentsUIGoogle.apk' with 1 weak references
11-26 16:09:08.604 26989 27001 W .apps.wellbeing: ApkAssets: Deleting an ApkAssets object '<empty> and /product/app/PrebuiltGoogleTelemetryTvp/PrebuiltGoogleTelemetryTvp.apk' with 1 weak references
11-26 16:09:08.604 26989 27001 W .apps.wellbeing: ApkAssets: Deleting an ApkAssets object '<empty> and /system_ext/priv-app/MultiDisplayProvider/MultiDisplayProvider.apk' with 1 weak references
11-26 16:09:08.605 26989 27001 W .apps.wellbeing: ApkAssets: Deleting an ApkAssets object '<empty> and /system/priv-app/DeviceDiagnostics/DeviceDiagnostics.apk' with 1 weak references
11-26 16:09:08.605 26989 27001 W .apps.wellbeing: ApkAssets: Deleting an ApkAssets object '/product/overlay/DeviceDiagnostics__sdk_gphone64_arm64__auto_generated_rro_product.apk' with 1 weak references
11-26 16:09:08.605 26989 27001 W .apps.wellbeing: ApkAssets: Deleting an ApkAssets object '<empty> and /product/overlay/NotesRoleEnabled/NotesRoleEnabledOverlay.apk' with 1 weak references
11-26 16:09:08.605 26989 27001 W .apps.wellbeing: ApkAssets: Deleting an ApkAssets object '<empty> and /system/priv-app/LiveWallpapersPicker/LiveWallpapersPicker.apk' with 1 weak references
11-26 16:09:08.605 26989 27001 W .apps.wellbeing: ApkAssets: Deleting an ApkAssets object '<empty> and /product/app/PrebuiltGoogleAdservicesTvp/PrebuiltGoogleAdservicesTvp.apk' with 1 weak references
11-26 16:09:08.605 26989 27001 W .apps.wellbeing: ApkAssets: Deleting an ApkAssets object '<empty> and /apex/com.android.healthfitness/priv-app/HealthConnectControllerGoogle@350820300/HealthConnectControllerGoogle.apk' with 1 weak references
11-26 16:09:08.605 26989 27001 W .apps.wellbeing: ApkAssets: Deleting an ApkAssets object '<empty> and /product/priv-app/KidsSupervisionStub/KidsSupervisionStub.apk' with 1 weak references
11-26 16:09:08.605 26989 27001 W .apps.wellbeing: ApkAssets: Deleting an ApkAssets object '<empty> and /system_ext/priv-app/StorageManager/StorageManager.apk' with 1 weak references
11-26 16:09:08.605 26989 27001 W .apps.wellbeing: ApkAssets: Deleting an ApkAssets object '/product/overlay/StorageManager__sdk_gphone64_arm64__auto_generated_rro_product.apk' with 1 weak references
11-26 16:09:08.605 26989 27001 W .apps.wellbeing: ApkAssets: Deleting an ApkAssets object '<empty> and /system/app/BookmarkProvider/BookmarkProvider.apk' with 1 weak references
11-26 16:09:08.605 26989 27001 W .apps.wellbeing: ApkAssets: Deleting an ApkAssets object '<empty> and /system_ext/priv-app/SettingsGoogle/SettingsGoogle.apk' with 1 weak references
11-26 16:09:08.606 26989 27001 W .apps.wellbeing: ApkAssets: Deleting an ApkAssets object '/product/overlay/SettingsGoogle__sdk_gphone64_arm64__auto_generated_rro_product.apk' with 1 weak references
11-26 16:09:08.606 26989 27001 W .apps.wellbeing: ApkAssets: Deleting an ApkAssets object '<empty> and /product/priv-app/SettingsIntelligenceGooglePrebuilt/SettingsIntelligenceGooglePrebuilt.apk' with 1 weak references
11-26 16:09:08.606 26989 27001 W .apps.wellbeing: ApkAssets: Deleting an ApkAssets object '<empty> and /apex/com.android.uwb/priv-app/ServiceUwbResourcesGoogle@350820300/ServiceUwbResourcesGoogle.apk' with 1 weak references
11-26 16:09:08.606 26989 27001 W .apps.wellbeing: ApkAssets: Deleting an ApkAssets object '<empty> and /apex/com.android.wifi/priv-app/ServiceWifiResourcesGoogle@350820300/ServiceWifiResourcesGoogle.apk' with 1 weak references
11-26 16:09:08.606 26989 27001 W .apps.wellbeing: ApkAssets: Deleting an ApkAssets object '<empty> and /system_ext/priv-app/ThemePicker/ThemePicker.apk' with 1 weak references
11-26 16:09:08.606 26989 27001 W .apps.wellbeing: ApkAssets: Deleting an ApkAssets object '<empty> and /system_ext/priv-app/WallpaperPickerGoogleRelease/WallpaperPickerGoogleRelease.apk' with 1 weak references
11-26 16:09:08.606 26989 27001 W .apps.wellbeing: ApkAssets: Deleting an ApkAssets object '<empty> and /product/priv-app/OdadPrebuilt/OdadPrebuilt.apk' with 1 weak references
11-26 16:09:08.606 26989 27001 W .apps.wellbeing: ApkAssets: Deleting an ApkAssets object '<empty> and /system/priv-app/TeleService/TeleService.apk' with 1 weak references
11-26 16:09:08.606 26989 27001 W .apps.wellbeing: ApkAssets: Deleting an ApkAssets object '/vendor/overlay/TeleService__sdk_gphone64_arm64__auto_generated_rro_vendor.apk' with 1 weak references
11-26 16:09:08.606 26989 27001 W .apps.wellbeing: ApkAssets: Deleting an ApkAssets object '/product/overlay/TeleService__sdk_gphone64_arm64__auto_generated_rro_product.apk' with 1 weak references
11-26 16:09:08.606 26989 27001 W .apps.wellbeing: ApkAssets: Deleting an ApkAssets object '<empty> and /system/priv-app/Shell/Shell.apk' with 1 weak references
11-26 16:09:08.606 26989 27001 W .apps.wellbeing: ApkAssets: Deleting an ApkAssets object '<empty> and /system/priv-app/BlockedNumberProvider/BlockedNumberProvider.apk' with 1 weak references
11-26 16:09:08.606 26989 27001 W .apps.wellbeing: ApkAssets: Deleting an ApkAssets object '<empty> and /system/priv-app/UserDictionaryProvider/UserDictionaryProvider.apk' with 1 weak references
11-26 16:09:08.607 26989 27001 W .apps.wellbeing: ApkAssets: Deleting an ApkAssets object '<empty> and /product/overlay/NavigationBarModeGestural/NavigationBarModeGesturalOverlay.apk' with 1 weak references
11-26 16:09:08.607 26989 27001 W .apps.wellbeing: ApkAssets: Deleting an ApkAssets object '<empty> and /system/priv-app/FusedLocation/FusedLocation.apk' with 1 weak references
11-26 16:09:08.607 26989 27001 W .apps.wellbeing: ApkAssets: Deleting an ApkAssets object '<empty> and /system_ext/priv-app/SystemUIGoogle/SystemUIGoogle.apk' with 1 weak references
11-26 16:09:08.607 26989 27001 W .apps.wellbeing: ApkAssets: Deleting an ApkAssets object '/vendor/overlay/SystemUIGoogle__sdk_gphone64_arm64__auto_generated_rro_vendor.apk' with 1 weak references
11-26 16:09:08.607 26989 27001 W .apps.wellbeing: ApkAssets: Deleting an ApkAssets object '/product/overlay/SystemUIGoogle__sdk_gphone64_arm64__auto_generated_rro_product.apk' with 1 weak references
11-26 16:09:08.607 26989 27001 W .apps.wellbeing: ApkAssets: Deleting an ApkAssets object '<empty> and /data/app/~~rF7yCflxQ5J38PLkA0AYug==/com.google.android.apps.youtube.music-Y2IyDdaJML_BQ5AP-uy0Qw==/base.apk' with 1 weak references
11-26 16:09:08.607 26989 27001 W .apps.wellbeing: ApkAssets: Deleting an ApkAssets object '<empty> and /data/app/~~rF7yCflxQ5J38PLkA0AYug==/com.google.android.apps.youtube.music-Y2IyDdaJML_BQ5AP-uy0Qw==/split_config.en.apk' with 1 weak references
11-26 16:09:08.607 26989 27001 W .apps.wellbeing: ApkAssets: Deleting an ApkAssets object '<empty> and /system/app/BluetoothMidiService/BluetoothMidiService.apk' with 1 weak references
11-26 16:09:08.607 26989 27001 W .apps.wellbeing: ApkAssets: Deleting an ApkAssets object '<empty> and /system/app/Traceur/Traceur.apk' with 1 weak references
11-26 16:09:08.617 30676 30690 D InputManagerEventInjectionStrategy: Creating injection strategy with input manager.
11-26 16:09:08.620 30676 30690 W 2105.labtesting: Accessing hidden method Landroid/hardware/input/InputManager;->getInstance()Landroid/hardware/input/InputManager; (unsupported, reflection, allowed)
11-26 16:09:08.620 30676 30690 W 2105.labtesting: Accessing hidden method Landroid/hardware/input/InputManager;->injectInputEvent(Landroid/view/InputEvent;I)Z (unsupported, reflection, allowed)
11-26 16:09:08.621 30676 30690 W 2105.labtesting: Accessing hidden field Landroid/hardware/input/InputManager;->INJECT_INPUT_EVENT_MODE_WAIT_FOR_FINISH:I (unsupported, reflection, allowed)
11-26 16:09:08.627 15165 15165 D BoundBrokerSvc: onBind: Intent { act=com.google.android.mdd.service.START dat=chimera-action:/... cmp=com.google.android.gms/.chimera.GmsBoundBrokerService }
11-26 16:09:08.629 15165 15165 D BoundBrokerSvc: Loading bound service for intent: Intent { act=com.google.android.mdd.service.START dat=chimera-action:/... cmp=com.google.android.gms/.chimera.GmsBoundBrokerService }
11-26 16:09:08.642  4369  4369 V InlineSuggestionRenderService: handleDestroySuggestionViews called for 0:1646009370
11-26 16:09:08.642 26989 27001 W .apps.wellbeing: ApkAssets: Deleting an ApkAssets object '<empty> and /apex/com.android.cellbroadcast/priv-app/GoogleCellBroadcastApp@350820300/GoogleCellBroadcastApp.apk' with 1 weak references
11-26 16:09:08.642 26989 27001 W .apps.wellbeing: ApkAssets: Deleting an ApkAssets object '<empty> and /system/priv-app/ContactsProvider/ContactsProvider.apk' with 1 weak references
11-26 16:09:08.642 26989 27001 W .apps.wellbeing: ApkAssets: Deleting an ApkAssets object '/product/overlay/ContactsProvider__sdk_gphone64_arm64__auto_generated_rro_product.apk' with 1 weak references
11-26 16:09:08.642 26989 27001 W .apps.wellbeing: ApkAssets: Deleting an ApkAssets object '<empty> and /data/app/~~IB3XmwyZHVVZz6AKWjn1VQ==/com.google.android.inputmethod.latin-VB_BhedHdu_eZmq-nLRANg==/base.apk' with 1 weak references
11-26 16:09:08.642 26989 27001 W .apps.wellbeing: ApkAssets: Deleting an ApkAssets object '<empty> and /data/app/~~IB3XmwyZHVVZz6AKWjn1VQ==/com.google.android.inputmethod.latin-VB_BhedHdu_eZmq-nLRANg==/split_brella_feature_split.apk' with 1 weak references
11-26 16:09:08.642 26989 27001 W .apps.wellbeing: ApkAssets: Deleting an ApkAssets object '<empty> and /data/app/~~IB3XmwyZHVVZz6AKWjn1VQ==/com.google.android.inputmethod.latin-VB_BhedHdu_eZmq-nLRANg==/split_config.xxhdpi.apk' with 1 weak references
11-26 16:09:08.642 26989 27001 W .apps.wellbeing: ApkAssets: Deleting an ApkAssets object '<empty> and /data/app/~~IB3XmwyZHVVZz6AKWjn1VQ==/com.google.android.inputmethod.latin-VB_BhedHdu_eZmq-nLRANg==/split_tenoranimation_feature_split.apk' with 1 weak references
11-26 16:09:08.642 26989 27001 W .apps.wellbeing: ApkAssets: Deleting an ApkAssets object '<empty> and /data/app/~~ChDGQoBMgK3fWuE6hji_2Q==/com.google.android.apps.restore-xb_-nSX6D4Gqp0DKbQkQkA==/base.apk' with 1 weak references
11-26 16:09:08.642 26989 27001 W .apps.wellbeing: ApkAssets: Deleting an ApkAssets object '<empty> and /data/app/~~IxTi9oF9cVJNy_OhtBGZ-Q==/com.example.seg2105.labtesting-dDK3NadQG2ggVH_LxGPZRA==/base.apk' with 1 weak references
11-26 16:09:08.646 30676 30676 W 2105.labtesting: Accessing hidden method Landroid/os/MessageQueue;->next()Landroid/os/Message; (unsupported, reflection, allowed)
11-26 16:09:08.647 30676 30676 W 2105.labtesting: Accessing hidden field Landroid/os/MessageQueue;->mMessages:Landroid/os/Message; (unsupported, reflection, allowed)
11-26 16:09:08.647 30676 30676 W 2105.labtesting: Accessing hidden method Landroid/os/Message;->recycleUnchecked()V (unsupported, reflection, allowed)
11-26 16:09:08.649 30676 30676 W 2105.labtesting: Accessing hidden method Landroid/view/WindowManagerGlobal;->getInstance()Landroid/view/WindowManagerGlobal; (unsupported, reflection, allowed)
11-26 16:09:08.651 30676 30676 W 2105.labtesting: Accessing hidden field Landroid/view/WindowManagerGlobal;->mViews:Ljava/util/ArrayList; (unsupported, reflection, allowed)
11-26 16:09:08.651 30676 30676 W 2105.labtesting: Accessing hidden field Landroid/view/WindowManagerGlobal;->mParams:Ljava/util/ArrayList; (unsupported, reflection, allowed)
11-26 16:09:08.653 15143 15230 I IPCThreadState: oneway function results for code 1 on binder at 0xb400007cc4680150 will be dropped but finished with status UNKNOWN_TRANSACTION and reply parcel size 80
11-26 16:09:08.657 30676 30676 I ViewInteraction: Performing 'type text(user1)' action on view with id: com.example.seg2105.labtesting:id/username
11-26 16:09:08.666 30676 30676 W 2105.labtesting: Accessing hidden method Landroid/view/ViewConfiguration;->getDoubleTapMinTime()I (unsupported, reflection, allowed)
11-26 16:09:08.737 30676 30676 I ImeTracker: com.example.seg2105.labtesting:95ee6f82: onRequestShow at ORIGIN_CLIENT reason SHOW_SOFT_INPUT fromUser true
11-26 16:09:08.738 30676 30676 D InputMethodManager: showSoftInput() view=android.support.v7.widget.AppCompatEditText{40f1bd9 VFED..CL. .F.P.... 351,273-601,391 #7f070099 app:id/username aid=1073741824} flags=0 reason=SHOW_SOFT_INPUT
11-26 16:09:08.741 15888 15888 I StylusModule: StylusModule.onUpdateToolType():813 Update tool type = 2
11-26 16:09:08.747  1442  2289 I AiAiTextClassifier: [VisualCortexAdapter]: provideRegistration: Registered Prominent Screen Entities for updates.
11-26 16:09:08.753 15888 15888 I GoogleInputMethodService: GoogleInputMethodService.onStartInputView():2009 onStartInputView(EditorInfo{EditorInfo{packageName=com.example.seg2105.labtesting, inputType=20001, inputTypeString=Normal, enableLearning=true, autoCorrection=true, autoComplete=true, imeOptions=48000005, privateImeOptions=null, actionName=NEXT, actionLabel=null, initialSelStart=0, initialSelEnd=0, initialCapsMode=0, label=null, fieldId=2131165337, fieldName=null, extras=Bundle[{androidx.core.view.inputmethod.EditorInfoCompat.STYLUS_HANDWRITING_ENABLED=true}], hintText=non-empty, hintLocales=[]}}, false)
11-26 16:09:08.755 15888 15888 I GoogleInputMethodService: GoogleInputMethodService.updateDeviceLockedStatus():2155 repeatCheckTimes = 1, locked = false
