11-26 16:09:08.757 15888 15888 I KeyboardHeightUtil: KeyboardHeightUtil.getOemKeyboardHeightRatio():175 systemKeyboardHeightRatio:1.000000.
11-26 16:09:08.757 15888 15888 I AndroidIME: AbstractIme.onActivate():90 LatinIme.onActivate() : EditorInfo = EditorInfo{packageName=com.example.seg2105.labtesting, inputType=20001, inputTypeString=Normal, enableLearning=true, autoCorrection=true, autoComplete=true, imeOptions=48000005, privateImeOptions=null, actionName=NEXT, actionLabel=null, initialSelStart=0, initialSelEnd=0, initialCapsMode=0, label=null, fieldId=2131165337, fieldName=null, extras=Bundle[{androidx.core.view.inputmethod.EditorInfoCompat.STYLUS_HANDWRITING_ENABLED=true}], hintText=non-empty, hintLocales=[]}, IncognitoMode = false, DeviceLocked = false
11-26 16:09:08.759 15888 15888 I InputBundle: InputBundle.consumeEvent():904 Skip consuming an event as keyboard status is 0
11-26 16:09:08.760 15888 15888 I Delight5Facilitator: Delight5Facilitator.initializeForIme():726 initializeForIme() : Locale = [en_US], layout = qwerty
11-26 16:09:08.767 15888 15888 I LatinIme: LatinIme.updateEnableInlineSuggestionsOnDecoderSideFlags():1196 inline flag updated to:false
11-26 16:09:08.767 15888 15888 I LatinIme: LatinIme.updateEnableInlineSuggestionsOnDecoderSideFlags():1196 inline flag updated to:false
11-26 16:09:08.767   921  1013 W WindowOnBackDispatcher: sendCancelIfRunning: isInProgress=false callback=android.view.ViewRootImpl$$ExternalSyntheticLambda11@b675f54
11-26 16:09:08.768   540  1007 W InputManager-JNI: Input channel object '6ac9d9c Splash Screen com.example.seg2105.labtesting (client)' was disposed without first being removed with the input manager!
11-26 16:09:08.776 15888 15888 I InputBundle: InputBundle.consumeEvent():904 Skip consuming an event as keyboard status is 0
11-26 16:09:08.777 15888 15888 I InputBundle: InputBundle.consumeEvent():904 Skip consuming an event as keyboard status is 0
11-26 16:09:08.785 15888 15888 I KeyboardWrapper: KeyboardWrapper.activateKeyboard():587 activateKeyboard(): type=accessory, status=0, imeDef=kki{stringId=ime_english_united_states, language=en-US, languageTag=en-US, processedConditions={enable_number_row=false, device=phone}, className=com.google.android.libraries.inputmethod.ime.experiment.ExperimentImeWrapper, label=0, keyEventInterpreter=null, inlineComposing=true, autoCapital=true, announceAutoSelectedCandidate=true, statusIcon=0, primeKeyboardType=SOFT, indicatorIcon=0, indicatorLabel=US, displayAppCompletions=true, extraValues=kka{#0x7f0b0211=TypedValue{t=0x3/d=0x0 "writing_helper_enable_by_word_revert=false"}, #0x7f0b0217=TypedValue{t=0x3/d=0x0 "com.google.android.apps.inputmethod.libs.latin5.LatinIme"}, #0x7f0b0218=TypedValue{t=0x3/d=0x0 "com.google.android.apps.inputmethod.libs.edittracker.EditTrackingImeWrapper"}, #0x7f0b0219=TypedValue{t=0x3/d=0x0 "com.google.android.apps.inputmethod.libs.latin5.LatinIme"}}, processors=kmb@b81d84c, unacceptableMetaKeys=4098, languageSpecificSettings=0, asciiCapable=true, alwaysShowSuggestions=false, useAsciiPasswordKeyboard=false, secondaryIme=null, keyboardGroupDef=klj@106468a, phenotypeFlagId=0, localizationLanguageTag=null, supportsInlineSuggestion=true}
11-26 16:09:08.785 15888 15888 I KeyboardManager: KeyboardManager.requestKeyboard():234 Creating keyboard accessory, imeId=ime_english_united_states, cacheKey=theme_border_keyboard_mode_screen_size_5_5_keyboard_mode_screen_width_middle_stylesheet_noshadow_reordertheme_gsans_silkpopup_gm3token_sagm3token_newm3_light_phone_bottom4dp
11-26 16:09:08.785 15888 15888 I KeyboardWrapper: KeyboardWrapper.onKeyboardReady():250 onKeyboardReady(): type=accessory(accessory), kb=com.google.android.libraries.inputmethod.keyboard.impl.Keyboard@2a18399
11-26 16:09:08.785 15888 15888 I KeyboardWrapper: KeyboardWrapper.doActivateKeyboard():618 doActivateKeyboard(): accessory
11-26 16:09:08.785 15888 15888 W Keyboard: Keyboard.getKeyboardViewHelper():585 null helper is returned: keyboardDef=kld{processedConditions={}, globalConditions={}, className=com.google.android.libraries.inputmethod.keyboard.impl.Keyboard, resourceIds=[#0x7f170042], initialStates=0, keyboardViewDefs=[], persistentStates=0, persistentStatesPrefKey=null, popupBubbleLayoutId=0, recentKeyLayoutId=0, recentKeyPopupLayoutId=0, recentKeyType=null, rememberRecentKey=NONE, sessionStates=0}, type=HEADER, helpersCreated=[null, null, null, null], context.getResources().getConfiguration(): {1.0 310mcc260mnc [en_US] ldltr sw411dp w411dp h914dp 420dpi nrml long port finger qwerty/v/v dpad/v winConfig={ mBounds=Rect(0, 0 - 1080, 2400) mAppBounds=Rect(0, 0 - 1080, 2400) mMaxBounds=Rect(0, 0 - 1080, 2400) mDisplayRotation=ROTATION_0 mWindowingMode=fullscreen mActivityType=undefined mAlwaysOnTop=undefined mRotation=ROTATION_0} as.2 s.20 fontWeightAdjustment=0}
11-26 16:09:08.785 15888 15888 W Keyboard: Keyboard.getKeyboardViewHelper():585 null helper is returned: keyboardDef=kld{processedConditions={}, globalConditions={}, className=com.google.android.libraries.inputmethod.keyboard.impl.Keyboard, resourceIds=[#0x7f170042], initialStates=0, keyboardViewDefs=[], persistentStates=0, persistentStatesPrefKey=null, popupBubbleLayoutId=0, recentKeyLayoutId=0, recentKeyPopupLayoutId=0, recentKeyType=null, rememberRecentKey=NONE, sessionStates=0}, type=BODY, helpersCreated=[null, null, null, null], context.getResources().getConfiguration(): {1.0 310mcc260mnc [en_US] ldltr sw411dp w411dp h914dp 420dpi nrml long port finger qwerty/v/v dpad/v winConfig={ mBounds=Rect(0, 0 - 1080, 2400) mAppBounds=Rect(0, 0 - 1080, 2400) mMaxBounds=Rect(0, 0 - 1080, 2400) mDisplayRotation=ROTATION_0 mWindowingMode=fullscreen mActivityType=undefined mAlwaysOnTop=undefined mRotation=ROTATION_0} as.2 s.20 fontWeightAdjustment=0}
11-26 16:09:08.785 15888 15888 W Keyboard: Keyboard.getKeyboardViewHelper():585 null helper is returned: keyboardDef=kld{processedConditions={}, globalConditions={}, className=com.google.android.libraries.inputmethod.keyboard.impl.Keyboard, resourceIds=[#0x7f170042], initialStates=0, keyboardViewDefs=[], persistentStates=0, persistentStatesPrefKey=null, popupBubbleLayoutId=0, recentKeyLayoutId=0, recentKeyPopupLayoutId=0, recentKeyType=null, rememberRecentKey=NONE, sessionStates=0}, type=HEADER, helpersCreated=[null, null, null, null], context.getResources().getConfiguration(): {1.0 310mcc260mnc [en_US] ldltr sw411dp w411dp h914dp 420dpi nrml long port finger qwerty/v/v dpad/v winConfig={ mBounds=Rect(0, 0 - 1080, 2400) mAppBounds=Rect(0, 0 - 1080, 2400) mMaxBounds=Rect(0, 0 - 1080, 2400) mDisplayRotation=ROTATION_0 mWindowingMode=fullscreen mActivityType=undefined mAlwaysOnTop=undefined mRotation=ROTATION_0} as.2 s.20 fontWeightAdjustment=0}
11-26 16:09:08.785 15888 15888 W Keyboard: Keyboard.getKeyboardViewHelper():585 null helper is returned: keyboardDef=kld{processedConditions={}, globalConditions={}, className=com.google.android.libraries.inputmethod.keyboard.impl.Keyboard, resourceIds=[#0x7f170042], initialStates=0, keyboardViewDefs=[], persistentStates=0, persistentStatesPrefKey=null, popupBubbleLayoutId=0, recentKeyLayoutId=0, recentKeyPopupLayoutId=0, recentKeyType=null, rememberRecentKey=NONE, sessionStates=0}, type=BODY, helpersCreated=[null, null, null, null], context.getResources().getConfiguration(): {1.0 310mcc260mnc [en_US] ldltr sw411dp w411dp h914dp 420dpi nrml long port finger qwerty/v/v dpad/v winConfig={ mBounds=Rect(0, 0 - 1080, 2400) mAppBounds=Rect(0, 0 - 1080, 2400) mMaxBounds=Rect(0, 0 - 1080, 2400) mDisplayRotation=ROTATION_0 mWindowingMode=fullscreen mActivityType=undefined mAlwaysOnTop=undefined mRotation=ROTATION_0} as.2 s.20 fontWeightAdjustment=0}
11-26 16:09:08.785 15888 15888 W Keyboard: Keyboard.getKeyboardViewHelper():585 null helper is returned: keyboardDef=kld{processedConditions={}, globalConditions={}, className=com.google.android.libraries.inputmethod.keyboard.impl.Keyboard, resourceIds=[#0x7f170042], initialStates=0, keyboardViewDefs=[], persistentStates=0, persistentStatesPrefKey=null, popupBubbleLayoutId=0, recentKeyLayoutId=0, recentKeyPopupLayoutId=0, recentKeyType=null, rememberRecentKey=NONE, sessionStates=0}, type=FLOATING_CANDIDATES, helpersCreated=[null, null, null, null], context.getResources().getConfiguration(): {1.0 310mcc260mnc [en_US] ldltr sw411dp w411dp h914dp 420dpi nrml long port finger qwerty/v/v dpad/v winConfig={ mBounds=Rect(0, 0 - 1080, 2400) mAppBounds=Rect(0, 0 - 1080, 2400) mMaxBounds=Rect(0, 0 - 1080, 2400) mDisplayRotation=ROTATION_0 mWindowingMode=fullscreen mActivityType=undefined mAlwaysOnTop=undefined mRotation=ROTATION_0} as.2 s.20 fontWeightAdjustment=0}
11-26 16:09:08.785 15888 15888 W Keyboard: Keyboard.getKeyboardViewHelper():585 null helper is returned: keyboardDef=kld{processedConditions={}, globalConditions={}, className=com.google.android.libraries.inputmethod.keyboard.impl.Keyboard, resourceIds=[#0x7f170042], initialStates=0, keyboardViewDefs=[], persistentStates=0, persistentStatesPrefKey=null, popupBubbleLayoutId=0, recentKeyLayoutId=0, recentKeyPopupLayoutId=0, recentKeyType=null, rememberRecentKey=NONE, sessionStates=0}, type=WIDGET, helpersCreated=[null, null, null, null], context.getResources().getConfiguration(): {1.0 310mcc260mnc [en_US] ldltr sw411dp w411dp h914dp 420dpi nrml long port finger qwerty/v/v dpad/v winConfig={ mBounds=Rect(0, 0 - 1080, 2400) mAppBounds=Rect(0, 0 - 1080, 2400) mMaxBounds=Rect(0, 0 - 1080, 2400) mDisplayRotation=ROTATION_0 mWindowingMode=fullscreen mActivityType=undefined mAlwaysOnTop=undefined mRotation=ROTATION_0} as.2 s.20 fontWeightAdjustment=0}
11-26 16:09:08.786 15888 15888 I KeyboardManager: KeyboardManager.requestKeyboard():234 Creating keyboard accessory_candidates_consumer, imeId=ime_english_united_states, cacheKey=theme_border_keyboard_mode_screen_size_5_5_keyboard_mode_screen_width_middle_stylesheet_noshadow_reordertheme_gsans_silkpopup_gm3token_sagm3token_newm3_light_phone_bottom4dp
11-26 16:09:08.786 15888 15888 W Keyboard: Keyboard.getKeyboardViewHelper():585 null helper is returned: keyboardDef=kld{processedConditions={}, globalConditions={global_theme_key=theme_border_keyboard_mode_screen_size_5_5_keyboard_mode_screen_width_middle_stylesheet_noshadow_reordertheme_gsans_silkpopup_gm3token_sagm3token_newm3_light_phone_bottom4dp, global_locale=en_US, global_density_dpi=420, global_orientation=1}, className=.latin.keyboard.AccessoryKeyboard, resourceIds=[#0x7f170041], initialStates=0, keyboardViewDefs=[klr{direction=null, id=#0x7f0b015e, isScalable=false, layoutId=#0x7f0e002c, type=FLOATING_CANDIDATES, touchable=true, defaultShow=false}], persistentStates=0, persistentStatesPrefKey=null, popupBubbleLayoutId=#0x7f0e06b6, recentKeyLayoutId=0, recentKeyPopupLayoutId=0, recentKeyType=null, rememberRecentKey=NONE, sessionStates=0}, type=HEADER, helpersCreated=[null, null, jyd@b3bc61, null], context.getResources().getConfiguration(): {1.0 310mcc260mnc [en_US] ldltr sw411dp w411dp h914dp 420dpi nrml long port finger qwerty/v/v dpad/v winConfig={ mBounds=Rect(0, 0 - 1080, 2400) mAppBounds=Rect(0, 0 - 1080, 2400) mMaxBounds=Rect(0, 0 - 1080, 2400) mDisplayRotation=ROTATION_0 mWindowingMode=fullscreen mActivityType=undefined mAlwaysOnTop=undefined mRotation=ROTATION_0} as.2 s.20 fontWeightAdjustment=0}
11-26 16:09:08.786 15888 15888 W Keyboard: Keyboard.getKeyboardViewHelper():585 null helper is returned: keyboardDef=kld{processedConditions={}, globalConditions={global_theme_key=theme_border_keyboard_mode_screen_size_5_5_keyboard_mode_screen_width_middle_stylesheet_noshadow_reordertheme_gsans_silkpopup_gm3token_sagm3token_newm3_light_phone_bottom4dp, global_locale=en_US, global_density_dpi=420, global_orientation=1}, className=.latin.keyboard.AccessoryKeyboard, resourceIds=[#0x7f170041], initialStates=0, keyboardViewDefs=[klr{direction=null, id=#0x7f0b015e, isScalable=false, layoutId=#0x7f0e002c, type=FLOATING_CANDIDATES, touchable=true, defaultShow=false}], persistentStates=0, persistentStatesPrefKey=null, popupBubbleLayoutId=#0x7f0e06b6, recentKeyLayoutId=0, recentKeyPopupLayoutId=0, recentKeyType=null, rememberRecentKey=NONE, sessionStates=0}, type=BODY, helpersCreated=[null, null, jyd@b3bc61, null], context.getResources().getConfiguration(): {1.0 310mcc260mnc [en_US] ldltr sw411dp w411dp h914dp 420dpi nrml long port finger qwerty/v/v dpad/v winConfig={ mBounds=Rect(0, 0 - 1080, 2400) mAppBounds=Rect(0, 0 - 1080, 2400) mMaxBounds=Rect(0, 0 - 1080, 2400) mDisplayRotation=ROTATION_0 mWindowingMode=fullscreen mActivityType=undefined mAlwaysOnTop=undefined mRotation=ROTATION_0} as.2 s.20 fontWeightAdjustment=0}
11-26 16:09:08.787 15888 15888 I GoogleInputMethodService: GoogleInputMethodService.startInputIfInputViewStarted():3615 startInputIfInputViewStarted(): ACCESSORY
11-26 16:09:08.787 15888 15888 I KeyboardModeUtils: KeyboardModeUtils.getKeyboardBottomOffset():416 inch: 0.000000 ydpi: 420.000000 adjustKeyboardBottomByDisplaySize: false currentDensityDpi: 420 defaultDensityDpi: 420 keyboardBottomToScreenPx: 0 keyboardBottomToNavBarPx: -63 navBarHeight: 63
11-26 16:09:08.787 15888 15888 I ResizableKeyboardModeController: ResizableKeyboardModeController.getKeyboardBottomOffset():236 currentPrimeKeyboardType:SOFT keyboardBottomOffset:0 navBarHeight:63 isInLandscape:false
11-26 16:09:08.790 15888 15888 I CrowdsourceExtension: CrowdsourceExtension.checkIfDefaultBrowserIsAllowed():109 Failed to get default browser. The default browser may be deactivated.
11-26 16:09:08.791 15888 15888 I VoiceInputManagerWrapper: VoiceInputManagerWrapper.cancelShutdown():100 cancelShutdown()
11-26 16:09:08.792 15888 15888 I VoiceInputManagerWrapper: VoiceInputManagerWrapper.syncLanguagePacks():112 syncLanguagePacks()
11-26 16:09:08.793 15888 16326 I SpeechFactory: SpeechRecognitionFactory.maybeScheduleAutoPackDownloadForFallback():161 maybeScheduleAutoPackDownloadForFallback()
11-26 16:09:08.796 15888 16326 I FallbackOnDeviceRecognitionProvider: FallbackOnDeviceRecognitionProvider.maybeScheduleAutoPackDownload():198 maybeScheduleAutoPackDownload() for language tag en-US
11-26 16:09:08.797 15888 15888 I VoiceInputManager: VoiceInputManager.onKeyboardActivated():1065 onKeyboardActivated() [UD]
11-26 16:09:08.797 15888 15888 I AccessoryInputModeManager: AccessoryInputModeManager.onModeStarted():307 Accessory input mode started: STYLUS
11-26 16:09:08.798 15888 15888 W ExtensionWrapper: ExtensionWrapper.setAllowUpdateNavigationBarStyle():803 class iag is not activate
11-26 16:09:08.798 15888 15888 I WidgetViewShowingController: WidgetViewShowingController.showWidgetKeyboardInternal():486 Show companion widget
11-26 16:09:08.805 15888 15888 W ExtensionWrapper: ExtensionWrapper.setAllowUpdateNavigationBarStyle():803 class iag is not activate
11-26 16:09:08.806 15888 15888 I WidgetViewShowingPositionHandler: WidgetViewShowingPositionHandler.updateAvailableArea():187 update available area Rect(21, 84 - 1059, 2333)
11-26 16:09:08.806 15888 15888 I WidgetViewShowingPositionHandler: WidgetViewShowingPositionHandler.updatePositionWithAvoidRect():369 updateShowingPosition: PointF(95.0, 1208.0)
11-26 16:09:08.807 15888 15888 I KeyboardModeManager: KeyboardModeManager.setSupportedKeyboardModes():1153 supportsSplitMode=true supportsOneHandedMode=true, needUpdateKeyboardMode=false
11-26 16:09:08.809 15888 15888 I VoiceImeExtension: VoiceImeExtension.shouldStartVoiceInputAutomaticallyInCurrentInputBox():402 No private IME option set to start voice input.
11-26 16:09:08.815 15888 15958 I Delight5Decoder: Delight5DecoderWrapper.setKeyboardLayout():514 setKeyboardLayout()
11-26 16:09:08.823 15888 15888 I WidgetViewShowingPositionHandler: WidgetViewShowingPositionHandler.updatePositionWithAvoidRect():369 updateShowingPosition: PointF(95.0, 1208.0)
11-26 16:09:08.825 15888 15888 I WindowMetricsNotification: WindowMetricsNotification.notifyWithWindow():162
11-26 16:09:08.825 15888 15888 I WindowMetricsNotification: WindowMetricsNotification.notify():155 WindowMetricsNotification{bounds=Rect(0, 63 - 1080, 2400), insets=Rect(0, 0 - 0, 63), densityDpi=420, smallestScreenWidthDp=411, displayWidth=1080, displayHeight=2400, xdpi=420.0, ydpi=420.0, isTrustable=true}; DisplayMetrics{density=2.625, width=1080, height=2400, scaledDensity=2.625, xdpi=420.0, ydpi=420.0}
11-26 16:09:08.847 15888 15888 I GoogleInputMethodService: GoogleInputMethodService$1.onKeyboardViewShown():468 onKeyboardViewShown: keyboardType=accessory, keyboardViewType=HEADER keyboardView=null
11-26 16:09:08.847 15888 15888 I GoogleInputMethodService: GoogleInputMethodService$1.onKeyboardViewShown():468 onKeyboardViewShown: keyboardType=accessory, keyboardViewType=BODY keyboardView=null
11-26 16:09:08.848 15888 15888 W Keyboard: Keyboard.getKeyboardViewHelper():585 null helper is returned: keyboardDef=kld{processedConditions={}, globalConditions={}, className=com.google.android.libraries.inputmethod.keyboard.impl.Keyboard, resourceIds=[#0x7f170042], initialStates=0, keyboardViewDefs=[], persistentStates=0, persistentStatesPrefKey=null, popupBubbleLayoutId=0, recentKeyLayoutId=0, recentKeyPopupLayoutId=0, recentKeyType=null, rememberRecentKey=NONE, sessionStates=0}, type=HEADER, helpersCreated=[null, null, null, null], context.getResources().getConfiguration(): {1.0 310mcc260mnc [en_US] ldltr sw411dp w411dp h914dp 420dpi nrml long port finger qwerty/v/v dpad/v winConfig={ mBounds=Rect(0, 0 - 1080, 2400) mAppBounds=Rect(0, 0 - 1080, 2400) mMaxBounds=Rect(0, 0 - 1080, 2400) mDisplayRotation=ROTATION_0 mWindowingMode=fullscreen mActivityType=undefined mAlwaysOnTop=undefined mRotation=ROTATION_0} as.2 s.20 fontWeightAdjustment=0}
11-26 16:09:08.848 15888 15888 W Keyboard: Keyboard.getKeyboardViewHelper():585 null helper is returned: keyboardDef=kld{processedConditions={}, globalConditions={}, className=com.google.android.libraries.inputmethod.keyboard.impl.Keyboard, resourceIds=[#0x7f170042], initialStates=0, keyboardViewDefs=[], persistentStates=0, persistentStatesPrefKey=null, popupBubbleLayoutId=0, recentKeyLayoutId=0, recentKeyPopupLayoutId=0, recentKeyType=null, rememberRecentKey=NONE, sessionStates=0}, type=BODY, helpersCreated=[null, null, null, null], context.getResources().getConfiguration(): {1.0 310mcc260mnc [en_US] ldltr sw411dp w411dp h914dp 420dpi nrml long port finger qwerty/v/v dpad/v winConfig={ mBounds=Rect(0, 0 - 1080, 2400) mAppBounds=Rect(0, 0 - 1080, 2400) mMaxBounds=Rect(0, 0 - 1080, 2400) mDisplayRotation=ROTATION_0 mWindowingMode=fullscreen mActivityType=undefined mAlwaysOnTop=undefined mRotation=ROTATION_0} as.2 s.20 fontWeightAdjustment=0}
11-26 16:09:08.850 15888 15888 I WindowMetricsNotification: WindowMetricsNotification.notifyWithWindow():162
11-26 16:09:08.851 15888 15888 I WindowMetricsNotification: WindowMetricsNotification.notify():155 WindowMetricsNotification{bounds=Rect(0, 63 - 1080, 2400), insets=Rect(0, 0 - 0, 63), densityDpi=420, smallestScreenWidthDp=411, displayWidth=1080, displayHeight=2400, xdpi=420.0, ydpi=420.0, isTrustable=true}; DisplayMetrics{density=2.625, width=1080, height=2400, scaledDensity=2.625, xdpi=420.0, ydpi=420.0}
11-26 16:09:08.858  1442  2289 I AiAiTextClassifier: [VisualCortexAdapter]: provideRegistration: Registered Prominent Screen Entities for updates.
11-26 16:09:08.875 30676 30676 D InsetsController: show(ime(), fromIme=true)
11-26 16:09:08.887 30676 30710 W InteractionJankMonitor: Initializing without READ_DEVICE_CONFIG permission. enabled=false, interval=1, missedFrameThreshold=3, frameTimeThreshold=64, package=com.example.seg2105.labtesting
11-26 16:09:08.890 15165 15165 D BoundBrokerSvc: onBind: Intent { act=com.google.firebase.dynamiclinks.service.START pkg=com.google.android.gms }
11-26 16:09:08.891 15165 15165 D BoundBrokerSvc: Loading bound service for intent: Intent { act=com.google.firebase.dynamiclinks.service.START pkg=com.google.android.gms }
11-26 16:09:08.918  1442  2289 I AiAiTextClassifier: [VisualCortexAdapter]: provideRegistration: Registered Prominent Screen Entities for updates.
11-26 16:09:08.926  1442  2289 I AiAiTextClassifier: [VisualCortexAdapter]: provideRegistration: Registered Prominent Screen Entities for updates.
11-26 16:09:08.973  1442  2289 I AiAiTextClassifier: [VisualCortexAdapter]: provideRegistration: Registered Prominent Screen Entities for updates.
11-26 16:09:08.983 15888 15888 W TooltipLifecycleManager: TooltipLifecycleManager.dismissTooltips():153 Tooltip with id spell_check_add_to_dictionary not found in tooltipManager.
11-26 16:09:08.984 30676 30676 D UiControllerImpl: Injecting string: "user1"
11-26 16:09:08.992  1442  2289 I AiAiTextClassifier: [VisualCortexAdapter]: provideRegistration: Registered Prominent Screen Entities for updates.
11-26 16:09:09.003 15888 15888 I Delight5Decoder: Delight5DecoderWrapper.setKeyboardLayout():514 setKeyboardLayout()
11-26 16:09:09.020 15888 15888 W AndroidSpellCheckerService: AndroidSpellCheckerService.initialize():73 initialize...
11-26 16:09:09.020 15888 15888 I ShortcutsDataManager: ShortcutsDataManager.onContentChanged():72 onContentChanged()
11-26 16:09:09.021 15888 15888 I ContactsDataManager: ContactsDataManager.onContentChanged():153 onContentChanged()
11-26 16:09:09.021 15888 15888 W AndroidSpellCheckerService: AndroidSpellCheckerService.initialize():83 initialize...done
11-26 16:09:09.023 15888 20824 I AndroidSpellCheckerService: AndroidSpellCheckerService.createSession():139 com.google.android.keyboard.client.delight5.LanguageIdentifier@13b685f is created
11-26 16:09:09.082   921  1059 D EGL_emulation: app_time_stats: avg=55.69ms min=10.07ms max=742.91ms count=18
11-26 16:09:09.099 30676 30676 I ImeTracker: com.example.seg2105.labtesting:95ee6f82: onShown
11-26 16:09:09.157 30676 30676 I ViewInteraction: Performing 'close keyboard' action on view with id: com.example.seg2105.labtesting:id/username
11-26 16:09:09.157 30676 30676 I ImeTracker: com.example.seg2105.labtesting:1b8ed8dc: onRequestHide at ORIGIN_CLIENT reason HIDE_SOFT_INPUT fromUser false
11-26 16:09:09.159 15888 15888 I GoogleInputMethodService: GoogleInputMethodService.onFinishInputView():2343
11-26 16:09:09.160 15888 15888 I VoiceInputManagerWrapper: VoiceInputManagerWrapper.shutdown():122 shutdown()
11-26 16:09:09.160 15888 15888 W ExtensionWrapper: ExtensionWrapper.setAllowUpdateNavigationBarStyle():803 class iag is not activate
11-26 16:09:09.162 15888 15888 W ExtensionWrapper: ExtensionWrapper.setAllowUpdateNavigationBarStyle():803 class iag is not activate
11-26 16:09:09.164 15888 15888 W TooltipLifecycleManager: TooltipLifecycleManager.dismissTooltips():153 Tooltip with id spell_check_add_to_dictionary not found in tooltipManager.
11-26 16:09:09.164 15888 15888 I InputBundle: InputBundle.consumeEvent():904 Skip consuming an event as keyboard status is 0
11-26 16:09:09.164 30676 30676 D InsetsController: hide(ime(), fromIme=true)
11-26 16:09:09.168 15888 15888 I AndroidIME: AbstractIme.onDeactivate():203 LatinIme.onDeactivate()
11-26 16:09:09.192 15888 15958 I native  : I0000 00:00:1732655349.192904   15958 input-context-store.cc:265] Ignoring stale client request for FetchSuggestions
11-26 16:09:09.200 15888 15958 I native  : I0000 00:00:1732655349.200584   15958 input-context-store.cc:187] Ignoring stale client request for OverrideDecodedCandidates
11-26 16:09:09.200 15888 15958 W Delight5Decoder: Delight5DecoderWrapper.shouldAbandonMessage():2252 Detected old [FetchSuggestions] request in background: 408<409
11-26 16:09:09.201 15888 15888 W InputContextProxy: InputContextProxy.applyClientDiffInternal():957 Ignore [FetchSuggestions] diff due to stale request: 400<409, inputStateId=0, lastInputStateId=355
11-26 16:09:09.379 30676 30676 I ImeTracker: com.example.seg2105.labtesting:9196eb0e: onRequestHide at ORIGIN_CLIENT reason HIDE_SOFT_INPUT_ON_ANIMATION_STATE_CHANGED fromUser false
11-26 16:09:09.380 30676 30676 I ImeTracker: com.example.seg2105.labtesting:1b8ed8dc: onHidden
11-26 16:09:09.380   540   669 I ImeTracker: com.example.seg2105.labtesting:9196eb0e: onCancelled at PHASE_SERVER_SHOULD_HIDE
11-26 16:09:09.445 30676 30680 I 2105.labtesting: Compiler allocated 4206KB to compile void android.widget.TextView.<init>(android.content.Context, android.util.AttributeSet, int, int)
11-26 16:09:09.481 30676 30676 I ViewInteraction: Performing 'single click' action on view with id: com.example.seg2105.labtesting:id/loginBtn
11-26 16:09:09.507 30676 30693 D EGL_emulation: app_time_stats: avg=58.29ms min=1.34ms max=350.57ms count=17
11-26 16:09:09.533  3916 20530 D audioserver: logFgsApiBegin: FGS Logger Transaction failed, -129
11-26 16:09:09.568 15888 20824 I AndroidSpellCheckerService: AndroidSpellCheckerService.createSession():139 com.google.android.keyboard.client.delight5.LanguageIdentifier@c8a8ef3 is created
11-26 16:09:09.605   540  1640 W AS.PlaybackActivityMon: No piid assigned for invalid/internal port id 15
11-26 16:09:09.613  3916  4045 D AudioFlinger: mixer(0xb4000077137798e0) throttle end: throttle time(31)
11-26 16:09:09.666 30676 30680 I 2105.labtesting: Compiler allocated 5250KB to compile void android.view.ViewRootImpl.performTraversals()
11-26 16:09:09.772  3916  4045 D audioserver: logFgsApiEnd: FGS Logger Transaction failed, -129
11-26 16:09:09.821 30676 30676 I ViewInteraction: Checking 'MatchesViewAssertion{viewMatcher=is displayed on the screen to the user}' assertion on view with text: is "Invalid First Name"
11-26 16:09:09.825 30676 30676 W 2105.labtesting: Accessing hidden field Landroid/app/Activity;->mResultCode:I (unsupported, reflection, allowed)
11-26 16:09:09.825 30676 30676 W 2105.labtesting: Accessing hidden field Landroid/app/Activity;->mResultData:Landroid/content/Intent; (unsupported, reflection, allowed)
11-26 16:09:09.826  1209  1209 I TopTaskTracker: onTaskMovedToFront: (moved taskInfo to front) taskId=7, baseIntent=Intent { act=android.intent.action.MAIN cat=[android.intent.category.HOME] flg=0x10000100 cmp=com.google.android.apps.nexuslauncher/.NexusLauncherActivity }
11-26 16:09:09.826 30676 30690 I TestRunner: finished: firstIsInvalid(com.example.seg2105.labtesting.MainActivityTest2)
